 
=== Drift for OS/2 - OpenWatcom build === 
Started:   
Using WATCOM=c:\watcom 
Using OS2TK=c:\os2tk45   
--- Clean --- 
Open Watcom Make Version 2.0.1
Portions Copyright (c) 1988-2002 Sybase, Inc. All Rights Reserved.
Source code is available under the Sybase Open Watcom Public License.
See http://www.openwatcom.org/ for details.
	del bin\drift.obj bin\objekts.obj bin\llist.obj bin\common.obj 2>nul
	del bin\drift.res 2>nul
	del bin\driftos2.exe bin\driftos2.map 2>nul
--- Build --- 
Open Watcom Make Version 2.0.1
Portions Copyright (c) 1988-2002 Sybase, Inc. All Rights Reserved.
Source code is available under the Sybase Open Watcom Public License.
See http://www.openwatcom.org/ for details.
	wcc386 -bt=os2 -mf -5 -fpi -Oaxt -W3 -ze -d0 -i=c:\os2tk45\h -i=src -fo=bin\drift.obj src\drift.c
Open Watcom C32 Optimizing Compiler Version 2.0.1
Portions Copyright (c) 1984-2002 Sybase, Inc. All Rights Reserved.
Source code is available under the Sybase Open Watcom Public License.
See http://www.openwatcom.org/ for details.
src\drift.c(376): Warning! W202: Symbol 'tmpangle' has been defined, but not referenced
src\drift.c(379): Warning! W202: Symbol 'ptl' has been defined, but not referenced
src\drift.c(10): Warning! W202: Symbol 'bldlevel' has been defined, but not referenced
src\drift.c: 1140 lines, included 25123, 3 warnings, 0 errors
Code size: 10483
	wcc386 -bt=os2 -mf -5 -fpi -Oaxt -W3 -ze -d0 -i=c:\os2tk45\h -i=src -fo=bin\objekts.obj src\objekts.c
Open Watcom C32 Optimizing Compiler Version 2.0.1
Portions Copyright (c) 1984-2002 Sybase, Inc. All Rights Reserved.
Source code is available under the Sybase Open Watcom Public License.
See http://www.openwatcom.org/ for details.
src\objekts.c(668): Warning! W202: Symbol 'x_temp' has been defined, but not referenced
src\objekts.c(668): Warning! W202: Symbol 'x_rot' has been defined, but not referenced
src\objekts.c(668): Warning! W202: Symbol 'y_rot' has been defined, but not referenced
src\objekts.c: 1191 lines, included 21998, 3 warnings, 0 errors
Code size: 12821
	wcc386 -bt=os2 -mf -5 -fpi -Oaxt -W3 -ze -d0 -i=c:\os2tk45\h -i=src -fo=bin\llist.obj src\llist.c
Open Watcom C32 Optimizing Compiler Version 2.0.1
Portions Copyright (c) 1984-2002 Sybase, Inc. All Rights Reserved.
Source code is available under the Sybase Open Watcom Public License.
See http://www.openwatcom.org/ for details.
src\llist.c: 100 lines, included 25853, 0 warnings, 0 errors
Code size: 392
	wcc386 -bt=os2 -mf -5 -fpi -Oaxt -W3 -ze -d0 -i=c:\os2tk45\h -i=src -fo=bin\common.obj src\common.c
Open Watcom C32 Optimizing Compiler Version 2.0.1
Portions Copyright (c) 1984-2002 Sybase, Inc. All Rights Reserved.
Source code is available under the Sybase Open Watcom Public License.
See http://www.openwatcom.org/ for details.
src\common.c(17): Warning! W138: No newline at end of file
src\common.c: 17 lines, included 22740, 1 warnings, 0 errors
Code size: 192
	wrc -bt=os2 -zm -i=c:\os2tk45\h -i=src -r -fo=bin\drift.res src\drift.rc
Open Watcom Windows and OS/2 Resource Compiler Version 2.0.1
Portions Copyright (c) 1993-2002 Sybase, Inc. All Rights Reserved.
Source code is available under the Sybase Open Watcom Public License.
See http://www.openwatcom.org/ for details.
	wlink system os2v2 pm           name bin\driftos2.exe           file { bin\drift.obj bin\objekts.obj bin\llist.obj bin\common.obj }           option stack=65536           option map=bin\driftos2.map
** EXPERIMENTAL (HLL) ** Open Watcom Linker Version 2.0.1
Portions Copyright (c) 1985-2002 Sybase, Inc. All Rights Reserved.
Source code is available under the Sybase Open Watcom Public License.
See http://www.openwatcom.org/ for details.
loading object files
searching libraries
creating map file
creating an OS/2 32-bit executable
	wrc bin\drift.res bin\driftos2.exe
Open Watcom Windows and OS/2 Resource Compiler Version 2.0.1
Portions Copyright (c) 1993-2002 Sybase, Inc. All Rights Reserved.
Source code is available under the Sybase Open Watcom Public License.
See http://www.openwatcom.org/ for details.
BUILD OK 
